// Jest Snapshot v1, https://goo.gl/fbAQLP

exports[`queries nested heartRatePredictions 1`] = `
Object {
  "data": Object {
    "heartRatePredictions": Array [
      Object {
        "bedtime_end": "1970-01-01T00:05:30.013Z",
        "bedtime_start": "1970-01-01T00:00:30.013Z",
        "freq": 30000,
        "history": Object {
          "bedtime_end": "13.625",
          "bedtime_start": "81",
          "freq": 30000,
          "prediction_model_id": null,
          "rates": Array [
            80,
            80,
            79,
            78,
            79,
            80,
            80,
            78,
            79,
            79,
          ],
          "summary_date": "2018-11-05",
        },
        "prediction_model_id": "ml_model_foo",
        "rates": Array [
          77,
          77,
          76,
          76,
          76,
          76,
          76,
          76,
          76,
          76,
          76,
        ],
        "summary_date": "2018-11-05_ml_model_foo",
      },
    ],
  },
  "errors": undefined,
  "extensions": undefined,
  "http": Object {
    "headers": Headers {
      Symbol(map): Object {},
    },
  },
}
`;
