// Jest Snapshot v1, https://goo.gl/fbAQLP

exports[`queries nested heartRatePredictions 1`] = `
Object {
  "data": Object {
    "heartRatePredictions": Array [
      Object {
        "end": "2018-11-08T18:53:03.000Z",
        "freq": 30000,
        "history": Object {
          "end": "2018-11-08T11:47:33-07:00",
          "freq": 30000,
          "id": "2",
          "prediction_model_id": null,
          "rates": Array [
            76,
            73,
            72,
            74,
            76,
            75,
            76,
            76,
            76,
            78,
            78,
            78,
            74,
            72,
            75,
            72,
            76,
            68,
            70,
            73,
            74,
            73,
            73,
            71,
            72,
            72,
            73,
            74,
            70,
            67,
            66,
            66,
            70,
            67,
            65,
            66,
            67,
            68,
            67,
            67,
            67,
            67,
            68,
            69,
            65,
            67,
            68,
            66,
            64,
            63,
            64,
            60,
            59,
            60,
            62,
            62,
            63,
            64,
            65,
            66,
            67,
            66,
            67,
            67,
            65,
            63,
            63,
            64,
            64,
            65,
            64,
            62,
            61,
            64,
            63,
            62,
            64,
            63,
            60,
            61,
            61,
            62,
            0,
            61,
            62,
            63,
            61,
            61,
            61,
            60,
            60,
            61,
            59,
            61,
            59,
            59,
            60,
            60,
            59,
            58,
            59,
            59,
            55,
            56,
            56,
            58,
            0,
            0,
            59,
            58,
            58,
            65,
            0,
            61,
            63,
            61,
            0,
            0,
            0,
          ],
          "start": "2018-11-08T01:54:33-07:00",
        },
        "id": "2_default",
        "prediction_model_id": "default",
        "rates": Array [
          29,
          12,
          15,
          13,
          14,
          15,
          15,
          15,
          16,
          16,
          16,
        ],
        "start": "2018-11-08T18:48:03.000Z",
      },
    ],
  },
  "errors": undefined,
  "extensions": undefined,
  "http": Object {
    "headers": Headers {
      Symbol(map): Object {},
    },
  },
}
`;
